============================= test session starts =============================
platform win32 -- Python 3.13.7, pytest-9.0.1, pluggy-1.6.0
rootdir: C:\Users\Admin\OneDrive - Visionblox\Documents\GitHub\qal
configfile: pyproject.toml
testpaths: tests
plugins: anyio-4.12.0
collected 15 items

tests\test_causal_inference.py FF                                        [ 13%]
tests\test_core.py ....                                                  [ 40%]
tests\test_integration.py .                                              [ 46%]
tests\test_layers_basic.py .                                             [ 53%]
tests\test_phase1.py ....                                                [ 80%]
tests\test_validation.py ...                                             [100%]

================================== FAILURES ===================================
_________________________ test_dag_builder_acyclicity _________________________

    def test_dag_builder_acyclicity():
        traces = generate_test_traces()
>       dag = dag_builder.infer_causal_dag(traces)
              ^^^^^^^^^^^^^^^^^^^^^^^^^^^^^^^^^^^^

tests\test_causal_inference.py:28: 
_ _ _ _ _ _ _ _ _ _ _ _ _ _ _ _ _ _ _ _ _ _ _ _ _ _ _ _ _ _ _ _ _ _ _ _ _ _ _ _

traces = [<tests.test_causal_inference.MockTrace object at 0x000001E9B8444440>, <tests.test_causal_inference.MockTrace object a...nference.MockTrace object at 0x000001E9B8C97CE0>, <tests.test_causal_inference.MockTrace object at 0x000001E9CA6D1E00>]

    def infer_causal_dag(traces: List[any]) -> nx.DiGraph:
        """
        Infers a causal DAG from a list of traces.
        For now, this is a placeholder that returns a simple DAG based on timestamps if available,
        or just a disconnected graph if not.
        """
        cg = CausalGraph()
    
        # Placeholder logic: create events from traces and link them sequentially
        # This is just to satisfy the test requirement of returning a DAG
        events = []
        for i, trace in enumerate(traces):
            # Assuming trace has some structure, or just creating dummy events
            # In a real implementation, we'd parse the trace
>           event = Event(
                id=f"event_{i}",
                type="inferred_event",
                layer="L1", # Default
                timestamp=trace.timestamp if hasattr(trace, 'timestamp') else None, # Handle missing timestamp
                confidence=0.5
            )
E           pydantic_core._pydantic_core.ValidationError: 2 validation errors for Event
E           layer
E             Input should be 'L0_PHYSICAL', 'L1_BIOLOGICAL', 'L2_CULTURAL', 'L3_TECHNO_ECONOMIC' or 'L4_METASYSTEMIC' [type=enum, input_value='L1', input_type=str]
E               For further information visit https://errors.pydantic.dev/2.12/v/enum
E           confidence
E             Input should be 'VERIFIED', 'PLAUSIBLE' or 'SPECULATIVE' [type=enum, input_value=0.5, input_type=float]
E               For further information visit https://errors.pydantic.dev/2.12/v/enum

qawm\inference\dag_builder.py:20: ValidationError
__________________________ test_temporal_consistency __________________________

    def test_temporal_consistency():
>       dag = generate_test_dag()
              ^^^^^^^^^^^^^^^^^^^

tests\test_causal_inference.py:32: 
_ _ _ _ _ _ _ _ _ _ _ _ _ _ _ _ _ _ _ _ _ _ _ _ _ _ _ _ _ _ _ _ _ _ _ _ _ _ _ _
tests\test_causal_inference.py:24: in generate_test_dag
    return dag_builder.infer_causal_dag(traces)
           ^^^^^^^^^^^^^^^^^^^^^^^^^^^^^^^^^^^^
_ _ _ _ _ _ _ _ _ _ _ _ _ _ _ _ _ _ _ _ _ _ _ _ _ _ _ _ _ _ _ _ _ _ _ _ _ _ _ _

traces = [<tests.test_causal_inference.MockTrace object at 0x000001E9CA6DBD10>, <tests.test_causal_inference.MockTrace object a...nference.MockTrace object at 0x000001E9CA771250>, <tests.test_causal_inference.MockTrace object at 0x000001E9CA771350>]

    def infer_causal_dag(traces: List[any]) -> nx.DiGraph:
        """
        Infers a causal DAG from a list of traces.
        For now, this is a placeholder that returns a simple DAG based on timestamps if available,
        or just a disconnected graph if not.
        """
        cg = CausalGraph()
    
        # Placeholder logic: create events from traces and link them sequentially
        # This is just to satisfy the test requirement of returning a DAG
        events = []
        for i, trace in enumerate(traces):
            # Assuming trace has some structure, or just creating dummy events
            # In a real implementation, we'd parse the trace
>           event = Event(
                id=f"event_{i}",
                type="inferred_event",
                layer="L1", # Default
                timestamp=trace.timestamp if hasattr(trace, 'timestamp') else None, # Handle missing timestamp
                confidence=0.5
            )
E           pydantic_core._pydantic_core.ValidationError: 2 validation errors for Event
E           layer
E             Input should be 'L0_PHYSICAL', 'L1_BIOLOGICAL', 'L2_CULTURAL', 'L3_TECHNO_ECONOMIC' or 'L4_METASYSTEMIC' [type=enum, input_value='L1', input_type=str]
E               For further information visit https://errors.pydantic.dev/2.12/v/enum
E           confidence
E             Input should be 'VERIFIED', 'PLAUSIBLE' or 'SPECULATIVE' [type=enum, input_value=0.5, input_type=float]
E               For further information visit https://errors.pydantic.dev/2.12/v/enum

qawm\inference\dag_builder.py:20: ValidationError
=========================== short test summary info ===========================
FAILED tests/test_causal_inference.py::test_dag_builder_acyclicity - pydantic...
FAILED tests/test_causal_inference.py::test_temporal_consistency - pydantic_c...
======================== 2 failed, 13 passed in 12.35s ========================
